GCC_3.0 {
  global:
	__mulvsi3;
	__register_frame_info_table_bases;
	__fixdfti;
	__ucmpti2;
	__ashrti3;
	_Unwind_Find_FDE;
	__addvdi3;
	__register_frame;
	__deregister_frame_info_bases;
	__fixsfti;
	__ffsti2;
	__fixxfti;
	__register_frame_table;
	__cmpti2;
	_Unwind_SetIP;
	__floattisf;
	_Unwind_GetGR;
	_Unwind_Resume;
	__mulvdi3;
	__register_frame_info_bases;
	__udivti3;
	_Unwind_GetLanguageSpecificData;
	__negti2;
	_Unwind_GetDataRelBase;
	__register_frame_info_table;
	_Unwind_RaiseException;
	__floattixf;
	__floattidf;
	__divti3;
	_Unwind_GetRegionStart;
	__subvsi3;
	__absvsi2;
	__umodti3;
	_Unwind_DeleteException;
	__gttf2;
	__clear_cache;
	__negvsi2;
	__multi3;
	__deregister_frame_info;
	__udivmodti4;
	__fixunsdfti;
	__fixunsdfdi;
	_Unwind_SetGR;
	_Unwind_GetIP;
	__lttf2;
	__addvsi3;
	__lshrti3;
	__fixunssfti;
	__fixunssfdi;
	__subvdi3;
	__fixunsxfti;
	__fixunsxfdi;
	__absvdi2;
	__netf2;
	__modti3;
	__ffsdi2;
	_Unwind_ForcedUnwind;
	__register_frame_info;
	_Unwind_GetTextRelBase;
	__deregister_frame;
	__negvdi2;
	__ashlti3;

  local:
	*;
};
GCC_3.3 {
  global:
	_Unwind_GetCFA;
	_Unwind_Resume_or_Rethrow;
	_Unwind_FindEnclosingFunction;
	_Unwind_Backtrace;
} GCC_3.0;
GCC_3.3.1 {
  global:
	__gcc_personality_v0;
} GCC_3.3;
GCC_3.4 {
  global:
	__parityti2;
	__popcountdi2;
	__ctzdi2;
	__clzdi2;
	__popcountti2;
	__ctzti2;
	__clzti2;
	__paritydi2;
} GCC_3.3.1;
GCC_3.4.2 {
  global:
	__enable_execute_stack;
} GCC_3.4;
GCC_3.4.4 {
  global:
	__subvti3;
	__absvti2;
	__negvti2;
	__addvti3;
	__mulvti3;
} GCC_3.4.2;
GCC_4.0.0 {
  global:
	__divtc3;
	__powidf2;
	__multc3;
	__divxc3;
	__powitf2;
	__divsc3;
	__mulxc3;
	__mulsc3;
	__divdc3;
	__powixf2;
	__powisf2;
	__muldc3;
} GCC_3.4.4;
GCC_4.2.0 {
  global:
	_Unwind_GetIPInfo;
	__floatuntisf;
	__floatuntixf;
	__floatuntidf;
} GCC_4.0.0;
GCC_4.3.0 {
  global:
	__divtc3;
	__fixtfti;
	__fixtfdi;
	__multc3;
	__addtf3;
	__bswapsi2;
	__trunctfxf2;
	__extenddftf2;
	__subtf3;
	__eqtf2;
	__emutls_register_common;
	__trunctfsf2;
	__floatditf;
	__powitf2;
	__floattitf;
	__getf2;
	__bswapdi2;
	__floatsitf;
	__fixunstfsi;
	__emutls_get_address;
	__gttf2;
	__extendsftf2;
	__floatunditf;
	__trunctfdf2;
	__letf2;
	__negtf2;
	__unordtf2;
	__floatunsitf;
	__lttf2;
	__divtf3;
	__floatuntitf;
	__extendxftf2;
	__fixunstfti;
	__fixunstfdi;
	__fixtfsi;
	__netf2;
	__multf3;
} GCC_4.2.0;
